plugin_register functions/parallel_query
[[0,0.0,0.0],true]
table_create Docs TABLE_NO_KEY
[[0,0.0,0.0],true]
column_create Docs title COLUMN_SCALAR ShortText
[[0,0.0,0.0],true]
column_create Docs abstract COLUMN_SCALAR ShortText
[[0,0.0,0.0],true]
column_create Docs description COLUMN_SCALAR ShortText
[[0,0.0,0.0],true]
table_create Lexicon TABLE_HASH_KEY ShortText   --default_tokenizer TokenBigramSplitSymbolAlphaDigit   --normalizer NormalizerAuto
[[0,0.0,0.0],true]
column_create Lexicon docs_title COLUMN_INDEX|WITH_POSITION Docs title
[[0,0.0,0.0],true]
column_create Lexicon docs_abstract COLUMN_INDEX|WITH_POSITION Docs abstract
[[0,0.0,0.0],true]
column_create Lexicon docs_description COLUMN_INDEX|WITH_POSITION Docs description
[[0,0.0,0.0],true]
load --table Docs
[
{"title": "Book A", "abstract": "Book abstract", "description": "Book description"},
{"title": "Book B", "abstract": "Book abstract", "description": "Book description"},
{"title": "Book C", "abstract": "Book abstract", "description": "Book description"}
]
[[0,0.0,0.0],3]
select Docs   --output_columns title,_score   --filter 'parallel_query("* title * 100 || abstract * 50 || description * 1", "book")'
[
  [
    0,
    0.0,
    0.0
  ],
  [
    [
      [
        3
      ],
      [
        [
          "title",
          "ShortText"
        ],
        [
          "_score",
          "Int32"
        ]
      ],
      [
        "Book A",
        151
      ],
      [
        "Book B",
        151
      ],
      [
        "Book C",
        151
      ]
    ]
  ]
]
